Checking sample...
